%!Adobe-FontList 1.20
%Locale:0x419

%BeginFont
Handler:DirectoryHandler
FontType:Type1
FontName:FontAwesome
FamilyName:FontAwesome
StyleName:Regular
FullName:FontAwesome
MenuName:FontAwesome
StyleBits:0
WritingScript:Roman
OutlineFileName:C:\Users\miner\Desktop\Work\Work\Font\FontAwesome.otf
DataFormat:sfntData
UsesStandardEncoding:yes
isCFF:yes
hasSVG:no
VariableFontType:NonVariableFont
FileLength:75188
FileModTime:1576439402
WeightClass:400
WidthClass:5
AngleClass:0
NameArray:0,Mac,4,FontAwesome
NameArray:0,Win,1,FontAwesome
%EndFont

%BeginFont
Handler:DirectoryHandler
FontType:TrueType
FontName:Nunito-Regular
FamilyName:Nunito
StyleName:Regular
FullName:Nunito Regular
MenuName:Nunito
StyleBits:0
WritingScript:Roman
OutlineFileName:C:\Users\miner\Desktop\Work\Work\Font\NunitoRegular.ttf
DataFormat:sfntData
hasSVG:no
VariableFontType:NonVariableFont
FileLength:113832
FileModTime:1576439679
WeightClass:400
WidthClass:5
AngleClass:0
NameArray:0,Mac,4,Nunito Regular
NameArray:0,Win,1,Nunito
%EndFont

%BeginFont
Handler:DirectoryHandler
FontType:TrueType
FontName:Ubuntu
FamilyName:Ubuntu
StyleName:Regular
FullName:Ubuntu
MenuName:Ubuntu
StyleBits:0
WritingScript:Roman
OutlineFileName:C:\Users\miner\Desktop\Work\Work\Font\Ubuntu.ttf
DataFormat:sfntData
hasSVG:no
VariableFontType:NonVariableFont
FileLength:353824
FileModTime:1576439799
WeightClass:400
WidthClass:5
AngleClass:0
NameArray:0,Mac,4,Ubuntu
NameArray:0,Win,1,Ubuntu
%EndFont

%BeginFont
Handler:DirectoryHandler
FontType:TrueType
FontName:Ubuntu-Medium
FamilyName:Ubuntu
StyleName:Medium
FullName:Ubuntu Medium
MenuName:Ubuntu Light
StyleBits:2
WritingScript:Roman
OutlineFileName:C:\Users\miner\Desktop\Work\Work\Font\UbuntuMedium.ttf
DataFormat:sfntData
hasSVG:no
VariableFontType:NonVariableFont
FileLength:341324
FileModTime:1576439866
WeightClass:500
WidthClass:5
AngleClass:0
NameArray:0,Mac,18,Ubuntu Medium
NameArray:0,Mac,4,Ubuntu Medium
NameArray:0,Win,1,Ubuntu Light
NameArray:0,Win,16,Ubuntu
%EndFont

